here size
here x
FieldDecl(size,IntType,Scalar)
FieldDecl(x,IntType,Scalar)
