here c
here b
here a
FieldDecl(c,IntType,Scalar)
FieldDecl(b,IntType,Scalar)
FieldDecl(a,IntType,Scalar)
