Debug message: Generating extern function...
Arg Type: 17 
Inserting method decl into symbol table...
Inserting block into symbol table...
Inserting block into symbol table...
Inserting block into symbol table...
Generating program...
Generating package...

Symbol Table: x y 
Symbol Table: main 
Symbol Table: print_int 
Debug message: Generating MethodDecl...
Method Block CodeGen...
Block CodeGen......
Serching table...
FetchedObject: Found x
Allocating x
Serching table...
FetchedObject: Found y
Allocating y
Block CodeGen......
Block CodeGen for VarDeclList......
Serching table...
FetchedObject: Found p
Allocating p
Serching table...
FetchedObject: Found q
Allocating q
Block CodeGen for StmtList......
Block CodeGen......
Block CodeGen for VarDeclList......
Serching table...
FetchedObject: Found y
Allocating y
Block CodeGen for StmtList......
Codegen for AssignAST... 
Now Assigning x...
Serching table...
Table not found...
Serching table...
Table not found...
Serching table...
FetchedObject: Found x
Fetched Variable x on line 4
Starting NumberExpr Codegen
Finished NumberExpr Codegen
Codegen for AssignAST... 
Now Assigning y...
Serching table...
FetchedObject: Found y
Fetched Variable y on line 8
Starting NumberExpr Codegen
Finished NumberExpr Codegen
Debug message: Generating method call... Calling print_int
ArgumentListSize = 1
Argument Type: Serching table...
Table not found...
Serching table...
Table not found...
Serching table...
FetchedObject: Found x
(finishing codegen for this argument) int type
Func Arg: int type
Method Call done...
Debug message: Generating method call... Calling print_int
ArgumentListSize = 1
Argument Type: Serching table...
FetchedObject: Found y
(finishing codegen for this argument) int type
Func Arg: int type
Method Call done...
Finished Block CodeGen......
Finished Block CodeGen......
Finished Block CodeGen......
Finish Method Block CodeGen...
Generating Dummy Return 0...Finished...
Finish Method CodeGen...

Symbol Table: main 
Symbol Table: print_int 
