Debug message: Generating extern function...
Arg Type: 17 
Inserting method decl into symbol table...
Inserting block into symbol table...
Inserting method decl into symbol table...
Inserting block into symbol table...
Generating program...
Generating package...

Symbol Table: x y z 
Symbol Table: foo main 
Symbol Table: print_int 
Debug message: Generating MethodDecl...
In IDTypeStringSpecialAST
Allocating x
Serching table...
FetchedObject: Found x
In IDTypeStringSpecialAST
Allocating y
Serching table...
FetchedObject: Found y
In IDTypeStringSpecialAST
Allocating z
Serching table...
FetchedObject: Found z
Serching table...
FetchedObject: Found x
Serching table...
FetchedObject: Found y
Serching table...
FetchedObject: Found z
Method Block CodeGen...
Block CodeGen......
Codegen for AssignAST... 
Now Assigning x...
Serching table...
FetchedObject: Found x
Fetched Variable x on line 3
Starting NumberExpr Codegen
Finished NumberExpr Codegen
Codegen for AssignAST... 
Now Assigning y...
Serching table...
FetchedObject: Found y
Fetched Variable y on line 3
Starting NumberExpr Codegen
Finished NumberExpr Codegen
Codegen for AssignAST... 
Now Assigning z...
Serching table...
FetchedObject: Found z
Fetched Variable z on line 3
Debug message: Generating method call... Calling print_int
ArgumentListSize = 1
Argument Type: Serching table...
FetchedObject: Found x
(finishing codegen for this argument) int type
Func Arg: int type
Method Call done...
Debug message: Generating method call... Calling print_int
ArgumentListSize = 1
Argument Type: Serching table...
FetchedObject: Found y
(finishing codegen for this argument) int type
Func Arg: int type
Method Call done...
Debug message: Generating method call... Calling print_int
ArgumentListSize = 1
Argument Type: Serching table...
FetchedObject: Found z
(finishing codegen for this argument) bool type
Func Arg: int type
Promoting a bool
Method Call done...
Finished Block CodeGen......
Finish Method Block CodeGen...
Generating Dummy Return 0...Finished...
Finish Method CodeGen...

Symbol Table: 
Symbol Table: foo main 
Symbol Table: print_int 
Debug message: Generating MethodDecl...
Method Block CodeGen...
Block CodeGen......
Debug message: Generating method call... Calling foo
ArgumentListSize = 3
Argument Type: Starting NumberExpr Codegen
Finished NumberExpr Codegen
(finishing codegen for this argument) int type
Func Arg: int type
Argument Type: Starting NumberExpr Codegen
Finished NumberExpr Codegen
(finishing codegen for this argument) int type
Func Arg: int type
Argument Type: (finishing codegen for this argument) bool type
Func Arg: bool type
Method Call done...
Finished Block CodeGen......
Finish Method Block CodeGen...
Generating Dummy Return 0...Finished...
Finish Method CodeGen...

Symbol Table: foo main 
Symbol Table: print_int 
