Inserting method decl into symbol table...
Inserting block into symbol table...
Generating program...
Generating package...

Symbol Table: j len start 
Symbol Table: displayList 
Symbol Table: 
Debug message: Generating MethodDecl...
In IDTypeStringSpecialAST
Allocating start
Serching table...
FetchedObject: Found start
In IDTypeStringSpecialAST
Allocating len
Serching table...
FetchedObject: Found len
Serching table...
FetchedObject: Found start
Serching table...
FetchedObject: Found len
Method Block CodeGen...
Block CodeGen......
Serching table...
FetchedObject: Found j
Allocating j
Debug message: Generating method call... Calling print_string
semantic error: Undefined function is called.
