Inserting method decl into symbol table...
Inserting block into symbol table...
Generating program...
Generating package...

Symbol Table: left right 
Symbol Table: quickSort 
Symbol Table: 
Debug message: Generating MethodDecl...
In IDTypeStringSpecialAST
Allocating left
Serching table...
FetchedObject: Found left
In IDTypeStringSpecialAST
Allocating right
Serching table...
FetchedObject: Found right
Serching table...
FetchedObject: Found left
Serching table...
FetchedObject: Found right
Method Block CodeGen...
Block CodeGen......
Serching table...
FetchedObject: Found right
Serching table...
FetchedObject: Found left
OpId 1
Starting NumberExpr Codegen
Finished NumberExpr Codegen
OpId 9
