Inserting method decl into symbol table...
Inserting block into symbol table...
Generating program...
Generating package...

Symbol Table: leftPtr rightPtr temp 
Symbol Table: swap 
Symbol Table: 
Debug message: Generating MethodDecl...
In IDTypeStringSpecialAST
Allocating leftPtr
Serching table...
FetchedObject: Found leftPtr
In IDTypeStringSpecialAST
Allocating rightPtr
Serching table...
FetchedObject: Found rightPtr
Serching table...
FetchedObject: Found leftPtr
Serching table...
FetchedObject: Found rightPtr
Method Block CodeGen...
Block CodeGen......
Serching table...
FetchedObject: Found temp
Allocating temp
Codegen for AssignAST... 
Now Assigning temp...
Serching table...
FetchedObject: Found temp
Fetched Variable temp on line 4
Serching table...
Table not found...
Serching table...
Table not found...
Serching table...
Table not found...
Not found: list
semantic error: Undefined Variable: list.
