Inserting block into symbol table...
Inserting block into symbol table...
Inserting block into symbol table...
Inserting method decl into symbol table...
Inserting block into symbol table...
Generating program...
Generating package...

Symbol Table: left leftPtr pivot right rightPtr 
Symbol Table: partition 
Symbol Table: 
Debug message: Generating MethodDecl...
In IDTypeStringSpecialAST
Allocating left
Serching table...
FetchedObject: Found left
In IDTypeStringSpecialAST
Allocating right
Serching table...
FetchedObject: Found right
In IDTypeStringSpecialAST
Allocating pivot
Serching table...
FetchedObject: Found pivot
Serching table...
FetchedObject: Found left
Serching table...
FetchedObject: Found right
Serching table...
FetchedObject: Found pivot
Method Block CodeGen...
Block CodeGen......
Serching table...
FetchedObject: Found leftPtr
Allocating leftPtr
Serching table...
FetchedObject: Found rightPtr
Allocating rightPtr
Codegen for AssignAST... 
Now Assigning leftPtr...
Serching table...
FetchedObject: Found leftPtr
Fetched Variable leftPtr on line 4
Serching table...
FetchedObject: Found left
Starting NumberExpr Codegen
Finished NumberExpr Codegen
OpId 1
Codegen for AssignAST... 
Now Assigning rightPtr...
Serching table...
FetchedObject: Found rightPtr
Fetched Variable rightPtr on line 5
Serching table...
FetchedObject: Found right
Debug message: Generating method call... Calling swap
semantic error: Undefined function is called.
