Inserting method decl into symbol table...
Inserting block into symbol table...
Generating program...
Generating package...

Symbol Table: 
Symbol Table: cr 
Symbol Table: 
Debug message: Generating MethodDecl...
Method Block CodeGen...
Block CodeGen......
Debug message: Generating method call... Calling print_string
semantic error: Undefined function is called.
