Inserting method decl into symbol table...
Inserting block into symbol table...
Generating program...
Generating package...
Serching table...
FetchedObject: Found list

Symbol Table: 
Symbol Table: list main 
Symbol Table: 
Debug message: Generating MethodDecl...
Method Block CodeGen...
Block CodeGen......
Finished Block CodeGen......
Finish Method Block CodeGen...
Generating Dummy Return void...Finished...
Finish Method CodeGen...

Symbol Table: list main 
Symbol Table: 
