Inserting method decl into symbol table...
Inserting block into symbol table...
Generating program...
Generating package...

Symbol Table: size 
Symbol Table: main 
Symbol Table: 
Debug message: Generating MethodDecl...
Method Block CodeGen...
Block CodeGen......
Serching table...
FetchedObject: Found size
Allocating size
Codegen for AssignAST... 
Now Assigning size...
Serching table...
FetchedObject: Found size
Fetched Variable size on line 3
Starting NumberExpr Codegen
Finished NumberExpr Codegen
Debug message: Generating method call... Calling initList
semantic error: Undefined function is called.
