Inserting method decl into symbol table...
Inserting block into symbol table...
Generating program...
Generating package...

Symbol Table: i size 
Symbol Table: initList 
Symbol Table: 
Debug message: Generating MethodDecl...
In IDTypeStringSpecialAST
Allocating size
Serching table...
FetchedObject: Found size
Serching table...
FetchedObject: Found size
Method Block CodeGen...
Block CodeGen......
Serching table...
FetchedObject: Found i
Allocating i
Finished Block CodeGen......
Finish Method Block CodeGen...
Generating Dummy Return void...Finished...
Finish Method CodeGen...

Symbol Table: initList 
Symbol Table: 
