Debug message: Generating extern function...
Arg Type: 20 
Debug message: Generating extern function...
Arg Type: 17 
Inserting method decl into symbol table...
Inserting block into symbol table...
Generating program...
Generating package...
Serching table...
FetchedObject: Found x

Symbol Table: 
Symbol Table: main x 
Symbol Table: print_int print_string 
Debug message: Generating MethodDecl...
Method Block CodeGen...
Block CodeGen......
Finished Block CodeGen......
Finish Method Block CodeGen...
Generating Dummy Return void...Finished...
Finish Method CodeGen...

Symbol Table: main x 
Symbol Table: print_int print_string 
