Debug message: Generating extern function...
Arg Type: 17 
Inserting method decl into symbol table...
Inserting block into symbol table...
Inserting method decl into symbol table...
Inserting block into symbol table...
Inserting method decl into symbol table...
Inserting block into symbol table...
Generating program...
Generating package...
Serching table...
FetchedObject: Found a
Serching table...
FetchedObject: Found b

Symbol Table: z 
Symbol Table: a b gcd iszero main 
Symbol Table: print_int 
Debug message: Generating MethodDecl...
Method Block CodeGen...
Block CodeGen......
Serching table...
FetchedObject: Found z
Allocating z
Debug message: Generating method call... Calling print_int
ArgumentListSize = 1
Argument Type: Debug message: Generating method call... Calling gcd
ArgumentListSize = 2
Argument Type: Serching table...
Table not found...
Serching table...
FetchedObject: Found a
(finishing codegen for this argument) int type
Func Arg: int type
Argument Type: Serching table...
Table not found...
Serching table...
FetchedObject: Found b
(finishing codegen for this argument) int type
Func Arg: int type
Method Call done...
(finishing codegen for this argument) int type
Func Arg: int type
Method Call done...
Finished Block CodeGen......
Finish Method Block CodeGen...
Generating Dummy Return 0...Finished...
Finish Method CodeGen...

Symbol Table: a b 
Symbol Table: a b gcd iszero main 
Symbol Table: print_int 
Debug message: Generating MethodDecl...
In IDTypeStringSpecialAST
Allocating a
Serching table...
FetchedObject: Found a
In IDTypeStringSpecialAST
Allocating b
Serching table...
FetchedObject: Found b
Serching table...
FetchedObject: Found a
Serching table...
FetchedObject: Found b
Method Block CodeGen...
Block CodeGen......
Serching table...
FetchedObject: Found b
Starting NumberExpr Codegen
Finished NumberExpr Codegen
OpId 11
Preparing to do code generation for If block...
Block CodeGen......
Block CodeGen for VarDeclList......
Block CodeGen for StmtList......
Serching table...
Serching table...
FetchedObject: Found a
Finished Block CodeGen......
Finished code generation for If block...
Preparing to do code generation for Else block...
Block CodeGen......
Block CodeGen for VarDeclList......
Block CodeGen for StmtList......
Debug message: Generating method call... Calling gcd
ArgumentListSize = 2
Argument Type: Serching table...
Serching table...
FetchedObject: Found b
(finishing codegen for this argument) int type
Func Arg: int type
Argument Type: Serching table...
Serching table...
FetchedObject: Found a
Serching table...
Serching table...
FetchedObject: Found b
OpId 6
(finishing codegen for this argument) int type
Func Arg: int type
Method Call done...
Finished Block CodeGen......
Finished Block CodeGen......
Finish Method Block CodeGen...
Generating Dummy Return true...Finished...
Finish Method CodeGen...

Symbol Table: a b 
Symbol Table: a b gcd iszero main 
Symbol Table: print_int 
Debug message: Generating MethodDecl...
In IDTypeStringSpecialAST
Allocating a
Serching table...
FetchedObject: Found a
In IDTypeStringSpecialAST
Allocating b
Serching table...
FetchedObject: Found b
Serching table...
FetchedObject: Found a
Serching table...
FetchedObject: Found b
Method Block CodeGen...
Block CodeGen......
Debug message: Generating method call... Calling iszero
ArgumentListSize = 2
Argument Type: Serching table...
FetchedObject: Found a
(finishing codegen for this argument) int type
Func Arg: int type
Argument Type: Serching table...
FetchedObject: Found b
(finishing codegen for this argument) int type
Func Arg: int type
Method Call done...
Finished Block CodeGen......
Finish Method Block CodeGen...
Generating Dummy Return 0...Finished...
Finish Method CodeGen...

Symbol Table: a b gcd iszero main 
Symbol Table: print_int 
