Inserting block into symbol table...
Inserting method decl into symbol table...
Inserting block into symbol table...
Generating program...
Generating package...
Serching table...
FetchedObject: Found x
Serching table...
FetchedObject: Found size

Symbol Table: i x 
Symbol Table: f size x 
Symbol Table: 
Debug message: Generating MethodDecl...
Method Block CodeGen...
Block CodeGen......
Serching table...
FetchedObject: Found x
Allocating x
Serching table...
FetchedObject: Found i
Allocating i
Codegen for AssignAST... 
Now Assigning size...
Serching table...
Table not found...
Serching table...
FetchedObject: Found size
Fetched Variable size on line 2
Starting NumberExpr Codegen
Finished NumberExpr Codegen
Finished Block CodeGen......
Finish Method Block CodeGen...
Generating Dummy Return void...Finished...
Finish Method CodeGen...

Symbol Table: f size x 
Symbol Table: 
