Inserting method decl into symbol table...
Inserting block into symbol table...
Generating program...
Generating package...
Serching table...
FetchedObject: Found a
Serching table...
FetchedObject: Found b
Serching table...
FetchedObject: Found c

Symbol Table: 
Symbol Table: a b c main 
Symbol Table: 
Debug message: Generating MethodDecl...
Method Block CodeGen...
Block CodeGen......
Finished Block CodeGen......
Finish Method Block CodeGen...
Generating Dummy Return void...Finished...
Finish Method CodeGen...

Symbol Table: a b c main 
Symbol Table: 
