Debug message: Generating extern function...
Arg Type: 17 
Inserting method decl into symbol table...
Inserting block into symbol table...
Inserting method decl into symbol table...
Inserting block into symbol table...
Generating program...
Generating package...

Symbol Table: x y 
Symbol Table: main test 
Symbol Table: print_int 
Debug message: Generating MethodDecl...
In IDTypeStringSpecialAST
Allocating x
Serching table...
FetchedObject: Found x
Serching table...
FetchedObject: Found x
Method Block CodeGen...
Block CodeGen......
Serching table...
FetchedObject: Found y
Allocating y
Codegen for AssignAST... 
Now Assigning y...
Serching table...
FetchedObject: Found y
Fetched Variable y on line 5
Starting NumberExpr Codegen
Finished NumberExpr Codegen
Starting NumberExpr Codegen
Finished NumberExpr Codegen
OpId 3
Debug message: Generating method call... Calling test
ArgumentListSize = 1
Argument Type: Serching table...
FetchedObject: Found x
Serching table...
FetchedObject: Found y
OpId 0
(finishing codegen for this argument) int type
Func Arg: int type
Method Call done...
Finished Block CodeGen......
Finish Method Block CodeGen...
Generating Dummy Return void...Finished...
Finish Method CodeGen...

Symbol Table: x 
Symbol Table: main test 
Symbol Table: print_int 
Debug message: Generating MethodDecl...
Method Block CodeGen...
Block CodeGen......
Serching table...
FetchedObject: Found x
Allocating x
Codegen for AssignAST... 
Now Assigning x...
Serching table...
FetchedObject: Found x
Fetched Variable x on line 10
Starting NumberExpr Codegen
Finished NumberExpr Codegen
Debug message: Generating method call... Calling test
ArgumentListSize = 1
Argument Type: Serching table...
FetchedObject: Found x
(finishing codegen for this argument) int type
Func Arg: int type
Method Call done...
Finished Block CodeGen......
Finish Method Block CodeGen...
Generating Dummy Return 0...Finished...
Finish Method CodeGen...

Symbol Table: main test 
Symbol Table: print_int 
