Debug message: Generating program...
Debug message: Generating Extern List...
Debug message: Generating extern function...
17
Debug message: Generating package...
Debug message: Generating FieldDecls...
Debug message: Generating MethodDecl...
Generating MethodDecl Heads...foo
Defined variable in line 3 : x
Codegen for Assign to x
Debug message: Generating method call... 
print_int
