Debug message: Generating extern function...
Arg Type: 17 
Inserting method decl into symbol table...
Inserting block into symbol table...
Inserting method decl into symbol table...
Inserting block into symbol table...
Debug message: Generating program...
Debug message: Generating package...
Debug message: Generating FieldDecls...
Debug message: Generating MethodDecl...
Defind variable in line 3 : x
Defind variable in line 3 : y
Debug message: Generating method call... Calling print_int
ArgumentListSize = 1
Argument Type: Codegen for RValue x
Success in RValue
