Debug message: Generating program...
Debug message: Generating Extern List...
Debug message: Generating extern function...
17
Debug message: Generating package...
Debug message: Generating FieldDecls...
Debug message: Generating MethodDecl...
Generating MethodDecl Heads...test
Defined variable in line 5 : y
Codegen for Assign to y
