Debug message: Generating extern function...
Arg Type: 17 
Inserting method decl into symbol table...
Inserting block into symbol table...
Inserting method decl into symbol table...
Inserting block into symbol table...
Debug message: Generating program...
Debug message: Generating package...
Debug message: Generating FieldDecls...
Debug message: Generating MethodDecl...
Codegen for Var definition...
Defind variable in line 5 : y
OpId 3
Debug message: Generating method call... Calling test
here1
Codegen for RValue x
Success in RValue
Codegen for RValue y
Success in RValue
OpId 0
