Debug message: Generating program...
Debug message: Generating Extern List...
Debug message: Generating extern function...
17
Debug message: Generating package...
Debug message: Generating FieldDecls...
Debug message: Generating MethodDecl...
Generating MethodDecl Heads...main
Defined variable in line 4 : x
Codegen for Assign to x
Defined variable in line 9 : y
Codegen for Assign to y
Defined variable in line 7 : p
Codegen for Assign to p
Defined variable in line 7 : q
Codegen for Assign to q
Debug message: Generating method call... 
print_int
