Debug message: Generating extern function...
Arg Type: 17 
Inserting method decl into symbol table...
Inserting block into symbol table...
Inserting block into symbol table...
Inserting block into symbol table...
Inserting block into symbol table...
Debug message: Generating program...
Debug message: Generating package...
Debug message: Generating FieldDecls...
Debug message: Generating MethodDecl...
Codegen for Var definition...
Codegen for Var definition...
Codegen for Var definition...
Codegen for Var definition...
Codegen for Var definition...
Defind variable in line 4 : x
Defind variable in line 8 : y
Debug message: Generating method call... Calling print_int
here1
Codegen for RValue x
Success in RValue
