Debug message: Generating extern function...
Arg Type: 17 
Inserting method decl into symbol table...
Inserting block into symbol table...
Inserting method decl into symbol table...
Inserting block into symbol table...
Debug message: Generating program...
Debug message: Generating package...
Debug message: Generating FieldDecls...
Debug message: Generating MethodDecl...
Defind variable in line 3 : x
Codegen for Assign to x
Defind variable in line 3 : y
Codegen for Assign to y
Defind variable in line 3 : z
Codegen for Assign to z
Debug message: Generating method call... Calling print_int
