Debug message: Generating extern function...
Arg Type: 17 
Inserting method decl into symbol table...
Inserting block into symbol table...
Inserting method decl into symbol table...
Inserting block into symbol table...
Debug message: Generating program...
Debug message: Generating package...
Debug message: Generating FieldDecls...
Debug message: Generating MethodDecl...
Method Block CodeGen...
Block CodeGen......
Codegen for Var definition(Typed Symbol)...
Finish Codegen for Var definition(Typed Symbol)...
Defind variable in line 5 : y
Starting NumberExpr Codegen
Finished NumberExpr Codegen
Starting NumberExpr Codegen
Finished NumberExpr Codegen
OpId 3
Debug message: Generating method call... Calling test
ArgumentListSize = 1
Argument Type: Codegen for RValue x
Codegen for RValue y
OpId 0
